login as agent successful
Cannot transfer more than $999,999.99 in a single transaction in agent mode
Transaction summary written and system logged out successfully