login as machine successful
5.99 is not a valid number
Transaction summary written and system logged out successfully