login as agent successful
Cannot transfer less than 1 cent
Transaction summary written and system logged out successfully