login as agent successful
Cannot withdraw more than $999,999.99 in a single transaction in agent mode
Transaction summary written and system logged out successfully