login as machine successful
deposit 1234567 100000 successful
deposit 1234567 100000 successful
cannot withdraw more than $1000.00 in a single transaction in machine mode
Transaction summary written and system logged out successfully