login as machine successful
Account 1234567 does not exist
Transaction summary written and system logged out successfully