login as machine successful
deposit 1234567 500 successful
withdraw 1234567 100 successful
Transaction summary written and system logged out successfully