login as agent successful
Account number 12345678 not valid
Transaction summary written and system logged out successfully