login as agent successful
Cannot create account number 1234567 as it already exists
Transaction summary written and system logged out successfully