login as machine successful
eleventeen is not a valid number
Transaction summary written and system logged out successfully