login as agent successful
Cannot deposit more than $999999.99 in a single transaction in agent mode
Transaction summary written and system logged out successfully