login as agent successful
1.54 is not a valid number 
Transaction summary written and system logged out successfully