login as agent successful
Account number abcdefg not valid
Transaction summary written and system logged out successfully