login as machine successful
createacct not available with permission type machine
Transaction summary written and system logged out successfully