login as agent successful
Te is not a valid account name
Transaction summary written and system logged out successfully