login as agent successful
TestAccount  is not a valid account name
Transaction summary written and system logged out successfully