login as agent successful
Test123456789012345678901234567 is not a valid account name
Transaction summary written and system logged out successfully