login as machine successful
Account 2234567 does not exist
Transaction summary written and system logged out successfully